este es un log

un nueva linea